// Jest Snapshot v1, https://goo.gl/fbAQLP

exports[`Gets devtool result 1`] = `"module.exports = {\\"ts\\":\\"// App.tsx\\\\n\\\\n{\\\\n  /**\\\\n   ********* WARNING ********\\\\n   * THIS CODE WAS LAUNCHED FROM LOCALHOST.\\\\n   * LOCAL PACKAGES MAY NOT MATCH THE DEPENDENCIES\\\\n   * USED IN THIS SANDBOX.\\\\n   *\\\\n   * TEST SANDBOX FOR BACKWARD COMPATIBLITY IF DESIRED.\\\\n   ********* WARNING ********\\\\n   */\\\\n}\\\\n\\\\nimport { FC } from 'react'\\\\nimport './styles.css'\\\\n\\\\nconst App: FC = () => {\\\\n  return (\\\\n    <div className=\\\\\\"App\\\\\\">\\\\n      <h1>Hello CodeSandbox</h1>\\\\n      <h2>Start editing to see some magic happen!</h2>\\\\n    </div>\\\\n  )\\\\n}\\\\n\\",\\"js\\":\\"// App.jsx\\\\n\\\\n{\\\\n  /**\\\\n   ********* WARNING ********\\\\n   * THIS CODE WAS LAUNCHED FROM LOCALHOST.\\\\n   * LOCAL PACKAGES MAY NOT MATCH THE DEPENDENCIES\\\\n   * USED IN THIS SANDBOX.\\\\n   *\\\\n   * TEST SANDBOX FOR BACKWARD COMPATIBLITY IF DESIRED.\\\\n   ********* WARNING ********\\\\n   */\\\\n}\\\\nimport './styles.css'\\\\nconst App = () => {\\\\n  return (\\\\n    <div className=\\\\\\"App\\\\\\">\\\\n      <h1>Hello CodeSandbox</h1>\\\\n      <h2>Start editing to see some magic happen!</h2>\\\\n    </div>\\\\n  )\\\\n}\\\\n\\",\\"tsUrl\\":\\"https://codesandbox.io/api/v1/sandboxes/define?parameters=N4IgZglgNgpgziAXKAdABwE4wC7YjDDAYyVCIHsA7bGapEYAHUoAIXGRMJqB1CAE2wALDohYAOAAwAaZmw7YAhgCM-gkUhYAmWa3YgArnBgAVFXFEswiqMd3yQxgLYRL12zHv643AOawARQNyGktsDANPOX1wxWg_AGFyJydFSw5KKhgOLw5lDEUiAGscAGU0Qr8wiKi9DgArOAAPACEC4rLFJxgAGW5szXc7aI4wKAMBNxtjZgBfZhBZ6U5CosVfGBRGqlIQCmpabHomOpBKLoGxDgp-eEVKfmVyJoBaLELsF-xmnJGQADcCD4qOkQABGFCSSG_U63OBEDAQNB4EGaDgwhwlACeAHdyBh-BZNABtAC6uRAqW4oLgxAA9Nxbk0UN8mhj9Lc0LRbpQiPgiWITmwHAABZQqLFQKiNOkULCggAsKC0KDB7NF4uUkulcDpvgmiuVqvV-k12sojReQnI5CKoKhEMkJo47yI2FBYIA7JDlc6QK7PmapRaBfoAMw-sNqkBeBwBl78ZIe71QrR--PwxHI0McJVQsN-7BYrkvMDwd1okAqgCc0JA0SWf1u_wAIjAuQ9aHz4JYhcKOJgcHgCKCVQBWY0x6IOQe4fAYF5oca-bgvfG-e4QABeMBeECcaHx31HKAjCr9IqLXN1AeTPq0TqnelFV_gdPjiacd6h1cLxfgCJIhWVwgEqSppvWeiNqcmZAaGfYOHASgYMB-gZoB2YsEhigoX6ygTFA_CguhWbfCw-HQERT7CjE5bETAHwvLBmE0EhLAvC8tD_AAvI0n5-jA9QwG69GMcxZGCcJFYNhS-TkDixgYHAUAQEhljEtO-gAHypgApH6mTYCwtyKFRsb6IZLD4CwAA83EsGC0bmRkIQsOQaAAPouJQEAsDYUDonopJzAsSwgN8-yQL4WxwDsyB7FQNB0IgDB_NwRDjLc6kcCgdK0kQdIAFSFUVHDkn8FAHtABAAPLIhAVDwZpHBIYiImaOEkTOSA8AALLkPwBiwAAkgcGDudUXXNSAKnKNlID8TG-jwA-YJjmV3WNGylbxltgVsPMlCHYsywoDcdwPE8TR0niGBFHAFREJs2yULs-xJUcKV9i68CHpQPiAouWD_PgOK9tN_XKNV6lhg-0gsAAbJ6Y7lc--hmMosCocSYKSFoCrw56CMo91bZwEU2ATSSYIKpIMgSHTqM0RwZMU-5bAABItupYLVnDDmSFIwVQSFr1hflDKdsyrJvYlhz0Puh4oSwwAsFgnYYCwsxWONTgsAA5B-yT68witHiwACCaBoDryQG7lVtoCbPkHub-u5UhkrwGdcBwM7zD7Gx40hAAorA3TUCw9mJkQBgR9gKAbNgYcwPHLRYsN_AABSGza2D6wAlMwzDq7cGBZzZjssHSWnw8Hyfh4cRdi8sEuOyyzSywcyUgHSdKW9bHdspQzB9kVhXTsVU_TywPAWwASgAcsNi8AOIsNP0-TywJgc8NpQsAkNUtiHs8WwfPQWwAqovCQcyHLYsAAYvPNW9SwPQ1QkFs9BzNWlCYFA29P7fx6CwAAChbBIABpC2q8Q4H16hbAAmiwReNUTAsCQSYO-O974sBPuAkOi8T632Ggg7eV9SgPxYCvPB-8WClAtiQloNUAAaQDnwTy4TvBBmCmEsPYc_Gq88WAtCgdAue89H5H16pAkww0Wg9GGiYVBw0n4EIQcNeeD9OHCk3jPKRy814bwMdw_RdJRam1dsrVWT8Eha1tnrQ2DE3TOzNsrd2eUiywDgD7P2xdeSNSMo7MQ9io4sCzgXKOWkVbRCwNgAwGBWBZ00jZfgEB_gsAyooX2i8LjcQ4I7DgWlNJsBskIMEWkOYwCgFKQ-A0YClHuI8Z4Nk6SVNKWjcpQgtBaVKMhIyMAMl4EoL4FglMsIwBgFhZIMzUgriICwIQihra0AAITtN6V0mi7SMn_B2SwZux1xb0k9r4_xXcPr0CIPcf4uS4l6AyQ9KAigsRiDGDAJoABuaInymhiDBL8vQOIBDCEBXTXSwK2BCBgBAXwQhsAQskFCqxlAUBVz7GARKpYujQHeVhe4cAmIEAgGAaFEyvmfBsPCygYgnpjWBSc2YswgA&query=template%3Ddefault%26fontsize%3D14px%26hidenavigation%3D0%26theme%3Ddark%26extends%3Dfile%253A%252FVolumes%252FCode%252Frepos%252Fharvest%252Freact-babylonjs%252Fpackages%252Fdevtool-loader%252Fdist%252F..%252Fsrc%252Fcodesandbox-templates%252Fts%26module%3D%252Fsrc%252FApp.tsx\\",\\"jsUrl\\":\\"https://codesandbox.io/api/v1/sandboxes/define?parameters=N4IgZglgNgpgziAXKAdABwE4wC7YjDDAYyVCIHsA7bGapEYAHUoAIXGRMJqB1CAE2wALDohYAOAAwAaZmw7YAhgCM-gkUhYAmWa3YgArnBgAVFXFEswiqMd3yQxgLYRL12zHv643AOawARQNyGktsDANPOX1wxWg_AGFyJydFSw5KKhgOLw5lDEUiAGscAGU0Qr8wiKi9DgArOAAPACEC4rLFJxgAGW5szXc7aI4wKAMBNxtjZgBfZhBZ6U5CosVfGBRGqlIQCmpabHomOpBKLoGxDgp-eEVKfmVyJoBaLELsF8amnJGQADcCD4qOkQABGFCSSG_U63OBEDAQNB4EGaDgwhwlACeAHdyBh-BZNABtAC6uRAqW4oLgxAA9Nxbk0UNhmhj9Lc0LRbpQiPgiWITmwHAABZQqLFQKiNOkULCggAsKC0KDB7NF4uUkulcDpvgmiuVqvV-k12sojReQnI5CKoKhEMkJo47yI2FBYIA7JDlc6QK7PmapRaBfoAMw-sNqkBeBwBl78ZIe71QrR--PwxHI0McJVQsPovRLP63f4AERgXIetD58EsQuFHEwODwBFBKoArMaY9EHM3cPgMC80ONfNwXvjfPcIAAvGAvCBOND41ntlARhV-7BYrmZpHutEgJVKtMgaLF0577P13veJQYA9Xf0wD4vK-slhwe8H2OmiZQfhQQzBF9zgFhlH_QCez0BwaC_ICXzdN8QOzFg4OwFgXheWh_gAXkaRMnD9GB6hgN0ENfd8wJIsiD3PCl8nIHFjAwOAoAgeCSVvDgAD5UwAUj9TIMNuRQoN_DIQhYfAWAAHlwlgwWjCSzik8g0AAfRcSgIBYGwoELNhSTmBYlhAFAbjuB4niaOk8QwIo4AqIhNm2Shdn2Gg6EQBg_iwJyqB8QFhywf58BxG8YP0ABZchlGgS4WGJMMtBkFgADZPQ7cluJAMxlFgR8krBSQtAVaQWE9dLspUis4CKbB1MsYkwQVSQ0qkSQcqijg6oa9S2AACTLZqwQATlSiqSqkYyixM9yzNpIg6QAQTQNAtmaDyqC8o4fLpOkWDWjbvmYZgGzpAAqS7e2uu77pYHgVoAJQAOQASVegBxFh7vu26WBMQb3tKFgEgAeTLABRR6VtBnoVoAVVehJBqhssWAAMWe8HopYHpwYSFaekG8HShMFAAYJomehYAAFFaEgAaRWr6odB6KVoATRYV7wZMFhOZMVHAbRlhobpqHXuhlH3vZgHEdKdGWE-0WQZYUoVullpwYADUpmCbsNwH2YFzXtb1rHweelgWkZpmnuejGIeihmTHeloenekwefezHxfZ97nvRg3hT-h7HY-77fvDo2w7pebF2XB8WAAchQOkv0leALLgOBU-YfYvyO9aWAUgAKABKMueJYBssGwAwMFYcvb1k_gIH-FgiCgRQ89ei5cI4Y7eNvNhZKEMEeMGmAoClMHyFuUp7keZ5ZLpSeeLHuShC0HjSm_FgYA7vBKF8NDyE_GAYE_ZIb9SMciBYIRFHW2gAEJ193reovXjv_h_mwSu81FjLCWpnbcsA4C5wQMgPYO1Dj0CIPcf4fc67RA7k5XuWIxBjBgE0AA3NEPBTQxBgiIXoHEAhhBkPavxChbAhAwAgL4IQ2BaGSHofNZgKBjroL0GAHaLxrAuCgDgz89w4BvgIBAMADC0L4M-DYFhlAxAuQOBgCh8wFpgPpIyfBm0mjbQON5EAScVx1xYFgasGAWCzCsBgZIad4yEQLjpJcFi-FgEcU4NOGdjpuPMSndOEDs7QKIHnNxhdAoYUcSEKGsBujUDLiwRMRADBJOwCgDY2AEkwEyS0LE71-Dl1TnE7AqdgGUGYNY24GBy6yT4XSHiFVyl5MyVUxYsxZhAA&query=template%3Ddefault%26fontsize%3D14px%26hidenavigation%3D0%26theme%3Ddark%26extends%3Dfile%253A%252FVolumes%252FCode%252Frepos%252Fharvest%252Freact-babylonjs%252Fpackages%252Fdevtool-loader%252Fdist%252F..%252Fsrc%252Fcodesandbox-templates%252Fjs%26module%3D%252Fsrc%252FApp.jsx\\"};"`;
